Release 14.4 - xst P.49d (nt64)
Copyright (c) 1995-2012 Xilinx, Inc.  All rights reserved.
--> Parameter TMPDIR set to xst/projnav.tmp


Total REAL time to Xst completion: 0.00 secs
Total CPU time to Xst completion: 0.16 secs
 
--> Parameter xsthdpdir set to xst


Total REAL time to Xst completion: 0.00 secs
Total CPU time to Xst completion: 0.16 secs
 
--> Reading design: Datapath.prj

TABLE OF CONTENTS
  1) Synthesis Options Summary
  2) HDL Parsing
  3) HDL Elaboration
  4) HDL Synthesis
       4.1) HDL Synthesis Report
  5) Advanced HDL Synthesis
       5.1) Advanced HDL Synthesis Report
  6) Low Level Synthesis
  7) Partition Report
  8) Design Summary
       8.1) Primitive and Black Box Usage
       8.2) Device utilization summary
       8.3) Partition Resource Summary
       8.4) Timing Report
            8.4.1) Clock Information
            8.4.2) Asynchronous Control Signals Information
            8.4.3) Timing Summary
            8.4.4) Timing Details
            8.4.5) Cross Clock Domains Report


=========================================================================
*                      Synthesis Options Summary                        *
=========================================================================
---- Source Parameters
Input File Name                    : "Datapath.prj"
Ignore Synthesis Constraint File   : NO

---- Target Parameters
Output File Name                   : "Datapath"
Output Format                      : NGC
Target Device                      : xa7a100t-2I-csg324

---- Source Options
Top Module Name                    : Datapath
Automatic FSM Extraction           : YES
FSM Encoding Algorithm             : Auto
Safe Implementation                : No
FSM Style                          : LUT
RAM Extraction                     : Yes
RAM Style                          : Auto
ROM Extraction                     : Yes
Shift Register Extraction          : YES
ROM Style                          : Auto
Resource Sharing                   : YES
Asynchronous To Synchronous        : NO
Shift Register Minimum Size        : 2
Use DSP Block                      : Auto
Automatic Register Balancing       : No

---- Target Options
LUT Combining                      : Auto
Reduce Control Sets                : Auto
Add IO Buffers                     : YES
Global Maximum Fanout              : 100000
Add Generic Clock Buffer(BUFG)     : 32
Register Duplication               : YES
Optimize Instantiated Primitives   : NO
Use Clock Enable                   : Auto
Use Synchronous Set                : Auto
Use Synchronous Reset              : Auto
Pack IO Registers into IOBs        : Auto
Equivalent register Removal        : YES

---- General Options
Optimization Goal                  : Speed
Optimization Effort                : 1
Power Reduction                    : NO
Keep Hierarchy                     : No
Netlist Hierarchy                  : As_Optimized
RTL Output                         : Yes
Global Optimization                : AllClockNets
Read Cores                         : YES
Write Timing Constraints           : NO
Cross Clock Analysis               : NO
Hierarchy Separator                : /
Bus Delimiter                      : <>
Case Specifier                     : Maintain
Slice Utilization Ratio            : 100
BRAM Utilization Ratio             : 100
DSP48 Utilization Ratio            : 100
Auto BRAM Packing                  : NO
Slice Utilization Ratio Delta      : 5

=========================================================================


=========================================================================
*                          HDL Parsing                                  *
=========================================================================
Analyzing Verilog file "Z:\Xilinx\SingleCycles\FullAdder.v" into library work
Parsing module <FullAdder>.
Analyzing Verilog file "Z:\Xilinx\SingleCycles\TwoOneMUXonebit.v" into library work
Parsing module <TwoOneMUXonebit>.
Analyzing Verilog file "Z:\Xilinx\SingleCycles\triState.v" into library work
Parsing module <triState>.
Analyzing Verilog file "Z:\Xilinx\SingleCycles\RippleCarryAdder.v" into library work
Parsing module <RippleCarryAdder>.
Analyzing Verilog file "Z:\Xilinx\SingleCycles\RegisterBit.v" into library work
Parsing module <RegisterBit>.
Analyzing Verilog file "Z:\Xilinx\SingleCycles\Register16.v" into library work
Parsing module <Register16>.
Analyzing Verilog file "Z:\Xilinx\SingleCycles\FourOneMUXonebit.v" into library work
Parsing module <FourOneMUXonebit>.
Analyzing Verilog file "Z:\Xilinx\SingleCycles\decoder.v" into library work
Parsing module <decoder>.
Analyzing Verilog file "Z:\Xilinx\SingleCycles\TwoOneMUX16.v" into library work
Parsing module <TwoOneMUX16>.
Analyzing Verilog file "Z:\Xilinx\SingleCycles\RegisterBank1.v" into library work
Parsing module <RegisterBank>.
Analyzing Verilog file "Z:\Xilinx\SingleCycles\Register16LoadlessIR.v" into library work
Parsing module <Reg16LoadlessIR>.
Analyzing Verilog file "Z:\Xilinx\SingleCycles\Reg16Loadless.v" into library work
Parsing module <Reg16Loadless>.
Analyzing Verilog file "Z:\Xilinx\SingleCycles\FourOneMUX16.v" into library work
Parsing module <FourOneMUX16>.
Analyzing Verilog file "Z:\Xilinx\SingleCycles\ALU_outer.v" into library work
Parsing module <ALU_outer>.
Analyzing Verilog file "Z:\Xilinx\SingleCycles\Datapath.v" into library work
Parsing module <Datapath>.

=========================================================================
*                            HDL Elaboration                            *
=========================================================================

Elaborating module <Datapath>.

Elaborating module <Register16>.

Elaborating module <FourOneMUX16>.

Elaborating module <FourOneMUXonebit>.

Elaborating module <TwoOneMUX16>.

Elaborating module <TwoOneMUXonebit>.

Elaborating module <ALU_outer>.

Elaborating module <RegisterBit>.

Elaborating module <RippleCarryAdder>.

Elaborating module <FullAdder>.

Elaborating module <triState>.
WARNING:HDLCompiler:634 - "Z:\Xilinx\SingleCycles\ALU_outer.v" Line 84: Net <Two> does not have a driver.

Elaborating module <Reg16LoadlessIR>.

Elaborating module <Reg16Loadless>.
WARNING:HDLCompiler:1127 - "Z:\Xilinx\SingleCycles\Datapath.v" Line 52: Assignment to cout ignored, since the identifier is never used
WARNING:HDLCompiler:1127 - "Z:\Xilinx\SingleCycles\Datapath.v" Line 53: Assignment to cout_two ignored, since the identifier is never used

Elaborating module <RegisterBank>.

Elaborating module <decoder>.
WARNING:HDLCompiler:189 - "Z:\Xilinx\SingleCycles\Datapath.v" Line 54: Size mismatch in connection of port <writeChoose>. Formal port size is 3-bit while actual signal size is 1-bit.
WARNING:HDLCompiler:634 - "Z:\Xilinx\SingleCycles\Datapath.v" Line 54: Net <writeChoose> does not have a driver.

=========================================================================
*                           HDL Synthesis                               *
=========================================================================

Synthesizing Unit <Datapath>.
    Related source file is "Z:\Xilinx\SingleCycles\Datapath.v".
INFO:Xst:3210 - "Z:\Xilinx\SingleCycles\Datapath.v" line 52: Output port <cout> of the instance <one> is unconnected or connected to loadless signal.
INFO:Xst:3210 - "Z:\Xilinx\SingleCycles\Datapath.v" line 53: Output port <cout> of the instance <two> is unconnected or connected to loadless signal.
WARNING:Xst:653 - Signal <writeChoose> is used but never assigned. This sourceless signal will be automatically connected to value GND.
    Summary:
	no macro.
Unit <Datapath> synthesized.

Synthesizing Unit <Register16>.
    Related source file is "Z:\Xilinx\SingleCycles\Register16.v".
    Found 16-bit register for signal <value>.
    Summary:
	inferred  16 D-type flip-flop(s).
Unit <Register16> synthesized.

Synthesizing Unit <FourOneMUX16>.
    Related source file is "Z:\Xilinx\SingleCycles\FourOneMUX16.v".
    Summary:
	no macro.
Unit <FourOneMUX16> synthesized.

Synthesizing Unit <FourOneMUXonebit>.
    Related source file is "Z:\Xilinx\SingleCycles\FourOneMUXonebit.v".
    Summary:
	no macro.
Unit <FourOneMUXonebit> synthesized.

Synthesizing Unit <TwoOneMUX16>.
    Related source file is "Z:\Xilinx\SingleCycles\TwoOneMUX16.v".
    Summary:
	no macro.
Unit <TwoOneMUX16> synthesized.

Synthesizing Unit <TwoOneMUXonebit>.
    Related source file is "Z:\Xilinx\SingleCycles\TwoOneMUXonebit.v".
    Summary:
	no macro.
Unit <TwoOneMUXonebit> synthesized.

Synthesizing Unit <ALU_outer>.
    Related source file is "Z:\Xilinx\SingleCycles\ALU_outer.v".
WARNING:Xst:653 - Signal <Two> is used but never assigned. This sourceless signal will be automatically connected to value GND.
    Found 16-bit register for signal <result>.
    Summary:
	inferred  16 D-type flip-flop(s).
Unit <ALU_outer> synthesized.

Synthesizing Unit <RegisterBit>.
    Related source file is "Z:\Xilinx\SingleCycles\RegisterBit.v".
    Found 1-bit register for signal <value>.
    Summary:
	inferred   1 D-type flip-flop(s).
Unit <RegisterBit> synthesized.

Synthesizing Unit <RippleCarryAdder>.
    Related source file is "Z:\Xilinx\SingleCycles\RippleCarryAdder.v".
    Summary:
	no macro.
Unit <RippleCarryAdder> synthesized.

Synthesizing Unit <FullAdder>.
    Related source file is "Z:\Xilinx\SingleCycles\FullAdder.v".
    Summary:
Unit <FullAdder> synthesized.

Synthesizing Unit <triState>.
    Related source file is "Z:\Xilinx\SingleCycles\triState.v".
    Found 1-bit tristate buffer for signal <out<15>> created at line 26
    Found 1-bit tristate buffer for signal <out<14>> created at line 26
    Found 1-bit tristate buffer for signal <out<13>> created at line 26
    Found 1-bit tristate buffer for signal <out<12>> created at line 26
    Found 1-bit tristate buffer for signal <out<11>> created at line 26
    Found 1-bit tristate buffer for signal <out<10>> created at line 26
    Found 1-bit tristate buffer for signal <out<9>> created at line 26
    Found 1-bit tristate buffer for signal <out<8>> created at line 26
    Found 1-bit tristate buffer for signal <out<7>> created at line 26
    Found 1-bit tristate buffer for signal <out<6>> created at line 26
    Found 1-bit tristate buffer for signal <out<5>> created at line 26
    Found 1-bit tristate buffer for signal <out<4>> created at line 26
    Found 1-bit tristate buffer for signal <out<3>> created at line 26
    Found 1-bit tristate buffer for signal <out<2>> created at line 26
    Found 1-bit tristate buffer for signal <out<1>> created at line 26
    Found 1-bit tristate buffer for signal <out<0>> created at line 26
    Summary:
	inferred  16 Tristate(s).
Unit <triState> synthesized.

Synthesizing Unit <Reg16LoadlessIR>.
    Related source file is "Z:\Xilinx\SingleCycles\Register16LoadlessIR.v".
    Summary:
	no macro.
Unit <Reg16LoadlessIR> synthesized.

Synthesizing Unit <Reg16Loadless>.
    Related source file is "Z:\Xilinx\SingleCycles\Reg16Loadless.v".
    Found 16-bit register for signal <value>.
    Summary:
	inferred  16 D-type flip-flop(s).
Unit <Reg16Loadless> synthesized.

Synthesizing Unit <RegisterBank>.
    Related source file is "Z:\Xilinx\SingleCycles\RegisterBank1.v".
    Summary:
	no macro.
Unit <RegisterBank> synthesized.

Synthesizing Unit <decoder>.
    Related source file is "Z:\Xilinx\SingleCycles\decoder.v".
    Summary:
	no macro.
Unit <decoder> synthesized.

=========================================================================
HDL Synthesis Report

Macro Statistics
# Registers                                            : 15
 1-bit register                                        : 4
 16-bit register                                       : 11
# Tristates                                            : 368
 1-bit tristate buffer                                 : 368
# Xors                                                 : 48
 1-bit xor3                                            : 48

=========================================================================

=========================================================================
*                       Advanced HDL Synthesis                          *
=========================================================================

WARNING:Xst - The specified part-type was not generated at build time. XST is loading the full part-type and will therefore consume more CPU and memory.
Loading device for application Rf_Device from file '7a100t.nph' in environment Z:\Xilinx\14.4\ISE_DS\ISE\.
Loading device for application Rf_Device from file '7a100t.nph' in environment Z:\Xilinx\14.4\ISE_DS\ISE\.
WARNING:Xst:1290 - Hierarchical block <indecoder> is unconnected in block <rb>.
   It will be removed from the design.
WARNING:Xst:1710 - FF/Latch <value_3> (without init value) has a constant value of 0 in block <r_6>. This FF/Latch will be trimmed during the optimization process.
WARNING:Xst:1710 - FF/Latch <value_2> (without init value) has a constant value of 0 in block <r_6>. This FF/Latch will be trimmed during the optimization process.
WARNING:Xst:1710 - FF/Latch <value_1> (without init value) has a constant value of 0 in block <r_6>. This FF/Latch will be trimmed during the optimization process.
WARNING:Xst:1710 - FF/Latch <value_0> (without init value) has a constant value of 0 in block <r_6>. This FF/Latch will be trimmed during the optimization process.
WARNING:Xst:1710 - FF/Latch <value_15> (without init value) has a constant value of 0 in block <r_5>. This FF/Latch will be trimmed during the optimization process.
WARNING:Xst:1710 - FF/Latch <value_14> (without init value) has a constant value of 0 in block <r_5>. This FF/Latch will be trimmed during the optimization process.
WARNING:Xst:1710 - FF/Latch <value_13> (without init value) has a constant value of 0 in block <r_5>. This FF/Latch will be trimmed during the optimization process.
WARNING:Xst:1710 - FF/Latch <value_12> (without init value) has a constant value of 0 in block <r_5>. This FF/Latch will be trimmed during the optimization process.
WARNING:Xst:1710 - FF/Latch <value_11> (without init value) has a constant value of 0 in block <r_5>. This FF/Latch will be trimmed during the optimization process.
WARNING:Xst:1710 - FF/Latch <value_10> (without init value) has a constant value of 0 in block <r_5>. This FF/Latch will be trimmed during the optimization process.
WARNING:Xst:1710 - FF/Latch <value_9> (without init value) has a constant value of 0 in block <r_5>. This FF/Latch will be trimmed during the optimization process.
WARNING:Xst:1710 - FF/Latch <value_8> (without init value) has a constant value of 0 in block <r_5>. This FF/Latch will be trimmed during the optimization process.
WARNING:Xst:1710 - FF/Latch <value_7> (without init value) has a constant value of 0 in block <r_5>. This FF/Latch will be trimmed during the optimization process.
WARNING:Xst:1710 - FF/Latch <value_6> (without init value) has a constant value of 0 in block <r_5>. This FF/Latch will be trimmed during the optimization process.
WARNING:Xst:1710 - FF/Latch <value_5> (without init value) has a constant value of 0 in block <r_5>. This FF/Latch will be trimmed during the optimization process.
WARNING:Xst:1710 - FF/Latch <value_4> (without init value) has a constant value of 0 in block <r_5>. This FF/Latch will be trimmed during the optimization process.
WARNING:Xst:1710 - FF/Latch <value_3> (without init value) has a constant value of 0 in block <r_5>. This FF/Latch will be trimmed during the optimization process.
WARNING:Xst:1710 - FF/Latch <value_2> (without init value) has a constant value of 0 in block <r_5>. This FF/Latch will be trimmed during the optimization process.
WARNING:Xst:1710 - FF/Latch <value_1> (without init value) has a constant value of 0 in block <r_5>. This FF/Latch will be trimmed during the optimization process.
WARNING:Xst:1710 - FF/Latch <value_0> (without init value) has a constant value of 0 in block <r_5>. This FF/Latch will be trimmed during the optimization process.
WARNING:Xst:1710 - FF/Latch <value_15> (without init value) has a constant value of 0 in block <r_4>. This FF/Latch will be trimmed during the optimization process.
WARNING:Xst:1710 - FF/Latch <value_14> (without init value) has a constant value of 0 in block <r_4>. This FF/Latch will be trimmed during the optimization process.
WARNING:Xst:1710 - FF/Latch <value_13> (without init value) has a constant value of 0 in block <r_4>. This FF/Latch will be trimmed during the optimization process.
WARNING:Xst:1710 - FF/Latch <value_12> (without init value) has a constant value of 0 in block <r_4>. This FF/Latch will be trimmed during the optimization process.
WARNING:Xst:1710 - FF/Latch <value_11> (without init value) has a constant value of 0 in block <r_4>. This FF/Latch will be trimmed during the optimization process.
WARNING:Xst:1710 - FF/Latch <value_10> (without init value) has a constant value of 0 in block <r_4>. This FF/Latch will be trimmed during the optimization process.
WARNING:Xst:1710 - FF/Latch <value_9> (without init value) has a constant value of 0 in block <r_4>. This FF/Latch will be trimmed during the optimization process.
WARNING:Xst:1710 - FF/Latch <value_8> (without init value) has a constant value of 0 in block <r_4>. This FF/Latch will be trimmed during the optimization process.
WARNING:Xst:1710 - FF/Latch <value_15> (without init value) has a constant value of 0 in block <r_7>. This FF/Latch will be trimmed during the optimization process.
WARNING:Xst:1710 - FF/Latch <value_14> (without init value) has a constant value of 0 in block <r_7>. This FF/Latch will be trimmed during the optimization process.
WARNING:Xst:1710 - FF/Latch <value_13> (without init value) has a constant value of 0 in block <r_7>. This FF/Latch will be trimmed during the optimization process.
WARNING:Xst:1710 - FF/Latch <value_12> (without init value) has a constant value of 0 in block <r_7>. This FF/Latch will be trimmed during the optimization process.
WARNING:Xst:1710 - FF/Latch <value_11> (without init value) has a constant value of 0 in block <r_7>. This FF/Latch will be trimmed during the optimization process.
WARNING:Xst:1710 - FF/Latch <value_10> (without init value) has a constant value of 0 in block <r_7>. This FF/Latch will be trimmed during the optimization process.
WARNING:Xst:1710 - FF/Latch <value_9> (without init value) has a constant value of 0 in block <r_7>. This FF/Latch will be trimmed during the optimization process.
WARNING:Xst:1710 - FF/Latch <value_8> (without init value) has a constant value of 0 in block <r_7>. This FF/Latch will be trimmed during the optimization process.
WARNING:Xst:1710 - FF/Latch <value_7> (without init value) has a constant value of 0 in block <r_7>. This FF/Latch will be trimmed during the optimization process.
WARNING:Xst:1710 - FF/Latch <value_6> (without init value) has a constant value of 0 in block <r_7>. This FF/Latch will be trimmed during the optimization process.
WARNING:Xst:1710 - FF/Latch <value_5> (without init value) has a constant value of 0 in block <r_7>. This FF/Latch will be trimmed during the optimization process.
WARNING:Xst:1710 - FF/Latch <value_4> (without init value) has a constant value of 0 in block <r_7>. This FF/Latch will be trimmed during the optimization process.
WARNING:Xst:1710 - FF/Latch <value_3> (without init value) has a constant value of 0 in block <r_7>. This FF/Latch will be trimmed during the optimization process.
WARNING:Xst:1710 - FF/Latch <value_2> (without init value) has a constant value of 0 in block <r_7>. This FF/Latch will be trimmed during the optimization process.
WARNING:Xst:1710 - FF/Latch <value_1> (without init value) has a constant value of 0 in block <r_7>. This FF/Latch will be trimmed during the optimization process.
WARNING:Xst:1710 - FF/Latch <value_0> (without init value) has a constant value of 0 in block <r_7>. This FF/Latch will be trimmed during the optimization process.
WARNING:Xst:1710 - FF/Latch <value_15> (without init value) has a constant value of 0 in block <r_6>. This FF/Latch will be trimmed during the optimization process.
WARNING:Xst:1710 - FF/Latch <value_14> (without init value) has a constant value of 0 in block <r_6>. This FF/Latch will be trimmed during the optimization process.
WARNING:Xst:1710 - FF/Latch <value_13> (without init value) has a constant value of 0 in block <r_6>. This FF/Latch will be trimmed during the optimization process.
WARNING:Xst:1710 - FF/Latch <value_12> (without init value) has a constant value of 0 in block <r_6>. This FF/Latch will be trimmed during the optimization process.
WARNING:Xst:1710 - FF/Latch <value_11> (without init value) has a constant value of 0 in block <r_6>. This FF/Latch will be trimmed during the optimization process.
WARNING:Xst:1710 - FF/Latch <value_10> (without init value) has a constant value of 0 in block <r_6>. This FF/Latch will be trimmed during the optimization process.
WARNING:Xst:1710 - FF/Latch <value_9> (without init value) has a constant value of 0 in block <r_6>. This FF/Latch will be trimmed during the optimization process.
WARNING:Xst:1710 - FF/Latch <value_8> (without init value) has a constant value of 0 in block <r_6>. This FF/Latch will be trimmed during the optimization process.
WARNING:Xst:1710 - FF/Latch <value_7> (without init value) has a constant value of 0 in block <r_6>. This FF/Latch will be trimmed during the optimization process.
WARNING:Xst:1710 - FF/Latch <value_6> (without init value) has a constant value of 0 in block <r_6>. This FF/Latch will be trimmed during the optimization process.
WARNING:Xst:1710 - FF/Latch <value_5> (without init value) has a constant value of 0 in block <r_6>. This FF/Latch will be trimmed during the optimization process.
WARNING:Xst:1710 - FF/Latch <value_4> (without init value) has a constant value of 0 in block <r_6>. This FF/Latch will be trimmed during the optimization process.
WARNING:Xst:1710 - FF/Latch <value_11> (without init value) has a constant value of 0 in block <r_2>. This FF/Latch will be trimmed during the optimization process.
WARNING:Xst:1710 - FF/Latch <value_10> (without init value) has a constant value of 0 in block <r_2>. This FF/Latch will be trimmed during the optimization process.
WARNING:Xst:1710 - FF/Latch <value_9> (without init value) has a constant value of 0 in block <r_2>. This FF/Latch will be trimmed during the optimization process.
WARNING:Xst:1710 - FF/Latch <value_8> (without init value) has a constant value of 0 in block <r_2>. This FF/Latch will be trimmed during the optimization process.
WARNING:Xst:1710 - FF/Latch <value_7> (without init value) has a constant value of 0 in block <r_2>. This FF/Latch will be trimmed during the optimization process.
WARNING:Xst:1710 - FF/Latch <value_6> (without init value) has a constant value of 0 in block <r_2>. This FF/Latch will be trimmed during the optimization process.
WARNING:Xst:1710 - FF/Latch <value_5> (without init value) has a constant value of 0 in block <r_2>. This FF/Latch will be trimmed during the optimization process.
WARNING:Xst:1710 - FF/Latch <value_4> (without init value) has a constant value of 0 in block <r_2>. This FF/Latch will be trimmed during the optimization process.
WARNING:Xst:1710 - FF/Latch <value_3> (without init value) has a constant value of 0 in block <r_2>. This FF/Latch will be trimmed during the optimization process.
WARNING:Xst:1710 - FF/Latch <value_2> (without init value) has a constant value of 0 in block <r_2>. This FF/Latch will be trimmed during the optimization process.
WARNING:Xst:1710 - FF/Latch <value_1> (without init value) has a constant value of 0 in block <r_2>. This FF/Latch will be trimmed during the optimization process.
WARNING:Xst:1710 - FF/Latch <value_0> (without init value) has a constant value of 0 in block <r_2>. This FF/Latch will be trimmed during the optimization process.
WARNING:Xst:1710 - FF/Latch <value_15> (without init value) has a constant value of 0 in block <r_1>. This FF/Latch will be trimmed during the optimization process.
WARNING:Xst:1710 - FF/Latch <value_14> (without init value) has a constant value of 0 in block <r_1>. This FF/Latch will be trimmed during the optimization process.
WARNING:Xst:1710 - FF/Latch <value_13> (without init value) has a constant value of 0 in block <r_1>. This FF/Latch will be trimmed during the optimization process.
WARNING:Xst:1710 - FF/Latch <value_12> (without init value) has a constant value of 0 in block <r_1>. This FF/Latch will be trimmed during the optimization process.
WARNING:Xst:1710 - FF/Latch <value_11> (without init value) has a constant value of 0 in block <r_1>. This FF/Latch will be trimmed during the optimization process.
WARNING:Xst:1710 - FF/Latch <value_10> (without init value) has a constant value of 0 in block <r_1>. This FF/Latch will be trimmed during the optimization process.
WARNING:Xst:1710 - FF/Latch <value_9> (without init value) has a constant value of 0 in block <r_1>. This FF/Latch will be trimmed during the optimization process.
WARNING:Xst:1710 - FF/Latch <value_8> (without init value) has a constant value of 0 in block <r_1>. This FF/Latch will be trimmed during the optimization process.
WARNING:Xst:1710 - FF/Latch <value_7> (without init value) has a constant value of 0 in block <r_1>. This FF/Latch will be trimmed during the optimization process.
WARNING:Xst:1710 - FF/Latch <value_6> (without init value) has a constant value of 0 in block <r_1>. This FF/Latch will be trimmed during the optimization process.
WARNING:Xst:1710 - FF/Latch <value_5> (without init value) has a constant value of 0 in block <r_1>. This FF/Latch will be trimmed during the optimization process.
WARNING:Xst:1710 - FF/Latch <value_4> (without init value) has a constant value of 0 in block <r_1>. This FF/Latch will be trimmed during the optimization process.
WARNING:Xst:1710 - FF/Latch <value_3> (without init value) has a constant value of 0 in block <r_1>. This FF/Latch will be trimmed during the optimization process.
WARNING:Xst:1710 - FF/Latch <value_2> (without init value) has a constant value of 0 in block <r_1>. This FF/Latch will be trimmed during the optimization process.
WARNING:Xst:1710 - FF/Latch <value_1> (without init value) has a constant value of 0 in block <r_1>. This FF/Latch will be trimmed during the optimization process.
WARNING:Xst:1710 - FF/Latch <value_0> (without init value) has a constant value of 0 in block <r_1>. This FF/Latch will be trimmed during the optimization process.
WARNING:Xst:1710 - FF/Latch <value_7> (without init value) has a constant value of 0 in block <r_4>. This FF/Latch will be trimmed during the optimization process.
WARNING:Xst:1710 - FF/Latch <value_6> (without init value) has a constant value of 0 in block <r_4>. This FF/Latch will be trimmed during the optimization process.
WARNING:Xst:1710 - FF/Latch <value_5> (without init value) has a constant value of 0 in block <r_4>. This FF/Latch will be trimmed during the optimization process.
WARNING:Xst:1710 - FF/Latch <value_4> (without init value) has a constant value of 0 in block <r_4>. This FF/Latch will be trimmed during the optimization process.
WARNING:Xst:1710 - FF/Latch <value_3> (without init value) has a constant value of 0 in block <r_4>. This FF/Latch will be trimmed during the optimization process.
WARNING:Xst:1710 - FF/Latch <value_2> (without init value) has a constant value of 0 in block <r_4>. This FF/Latch will be trimmed during the optimization process.
WARNING:Xst:1710 - FF/Latch <value_1> (without init value) has a constant value of 0 in block <r_4>. This FF/Latch will be trimmed during the optimization process.
WARNING:Xst:1710 - FF/Latch <value_0> (without init value) has a constant value of 0 in block <r_4>. This FF/Latch will be trimmed during the optimization process.
WARNING:Xst:1710 - FF/Latch <value_15> (without init value) has a constant value of 0 in block <r_3>. This FF/Latch will be trimmed during the optimization process.
WARNING:Xst:1710 - FF/Latch <value_14> (without init value) has a constant value of 0 in block <r_3>. This FF/Latch will be trimmed during the optimization process.
WARNING:Xst:1710 - FF/Latch <value_13> (without init value) has a constant value of 0 in block <r_3>. This FF/Latch will be trimmed during the optimization process.
WARNING:Xst:1710 - FF/Latch <value_12> (without init value) has a constant value of 0 in block <r_3>. This FF/Latch will be trimmed during the optimization process.
WARNING:Xst:1710 - FF/Latch <value_11> (without init value) has a constant value of 0 in block <r_3>. This FF/Latch will be trimmed during the optimization process.
WARNING:Xst:1710 - FF/Latch <value_10> (without init value) has a constant value of 0 in block <r_3>. This FF/Latch will be trimmed during the optimization process.
WARNING:Xst:1710 - FF/Latch <value_9> (without init value) has a constant value of 0 in block <r_3>. This FF/Latch will be trimmed during the optimization process.
WARNING:Xst:1710 - FF/Latch <value_8> (without init value) has a constant value of 0 in block <r_3>. This FF/Latch will be trimmed during the optimization process.
WARNING:Xst:1710 - FF/Latch <value_7> (without init value) has a constant value of 0 in block <r_3>. This FF/Latch will be trimmed during the optimization process.
WARNING:Xst:1710 - FF/Latch <value_6> (without init value) has a constant value of 0 in block <r_3>. This FF/Latch will be trimmed during the optimization process.
WARNING:Xst:1710 - FF/Latch <value_5> (without init value) has a constant value of 0 in block <r_3>. This FF/Latch will be trimmed during the optimization process.
WARNING:Xst:1710 - FF/Latch <value_4> (without init value) has a constant value of 0 in block <r_3>. This FF/Latch will be trimmed during the optimization process.
WARNING:Xst:1710 - FF/Latch <value_3> (without init value) has a constant value of 0 in block <r_3>. This FF/Latch will be trimmed during the optimization process.
WARNING:Xst:1710 - FF/Latch <value_2> (without init value) has a constant value of 0 in block <r_3>. This FF/Latch will be trimmed during the optimization process.
WARNING:Xst:1710 - FF/Latch <value_1> (without init value) has a constant value of 0 in block <r_3>. This FF/Latch will be trimmed during the optimization process.
WARNING:Xst:1710 - FF/Latch <value_0> (without init value) has a constant value of 0 in block <r_3>. This FF/Latch will be trimmed during the optimization process.
WARNING:Xst:1710 - FF/Latch <value_15> (without init value) has a constant value of 0 in block <r_2>. This FF/Latch will be trimmed during the optimization process.
WARNING:Xst:1710 - FF/Latch <value_14> (without init value) has a constant value of 0 in block <r_2>. This FF/Latch will be trimmed during the optimization process.
WARNING:Xst:1710 - FF/Latch <value_13> (without init value) has a constant value of 0 in block <r_2>. This FF/Latch will be trimmed during the optimization process.
WARNING:Xst:1710 - FF/Latch <value_12> (without init value) has a constant value of 0 in block <r_2>. This FF/Latch will be trimmed during the optimization process.

=========================================================================
Advanced HDL Synthesis Report

Macro Statistics
# Registers                                            : 180
 Flip-Flops                                            : 180
# Xors                                                 : 48
 1-bit xor3                                            : 48

=========================================================================

=========================================================================
*                         Low Level Synthesis                           *
=========================================================================
WARNING:Xst:1989 - Unit <RegisterBank>: instances <r_1>, <r_2> of unit <Register16> are equivalent, second instance is removed
WARNING:Xst:1989 - Unit <RegisterBank>: instances <r_1>, <r_3> of unit <Register16> are equivalent, second instance is removed
WARNING:Xst:1989 - Unit <RegisterBank>: instances <r_1>, <r_4> of unit <Register16> are equivalent, second instance is removed
WARNING:Xst:1989 - Unit <RegisterBank>: instances <r_1>, <r_5> of unit <Register16> are equivalent, second instance is removed
WARNING:Xst:1989 - Unit <RegisterBank>: instances <r_1>, <r_6> of unit <Register16> are equivalent, second instance is removed
WARNING:Xst:1989 - Unit <RegisterBank>: instances <r_1>, <r_7> of unit <Register16> are equivalent, second instance is removed
WARNING:Xst:2042 - Unit Datapath: 16 internal tristates are replaced by logic (pull-up yes): N18, N19, N20, N21, N22, N23, N24, N25, N26, N27, N28, N29, N30, N31, N32, N33.
WARNING:Xst:2040 - Unit Datapath: 32 multi-source signals are replaced by logic (pull-up yes): Data_dm<0>_MLTSRCEDGE, Data_dm<10>_MLTSRCEDGE, Data_dm<11>_MLTSRCEDGE, Data_dm<12>_MLTSRCEDGE, Data_dm<13>_MLTSRCEDGE, Data_dm<14>_MLTSRCEDGE, Data_dm<15>_MLTSRCEDGE, Data_dm<1>_MLTSRCEDGE, Data_dm<2>_MLTSRCEDGE, Data_dm<3>_MLTSRCEDGE, Data_dm<4>_MLTSRCEDGE, Data_dm<5>_MLTSRCEDGE, Data_dm<6>_MLTSRCEDGE, Data_dm<7>_MLTSRCEDGE, Data_dm<8>_MLTSRCEDGE, Data_dm<9>_MLTSRCEDGE, out2<0>, out2<10>, out2<11>, out2<12>, out2<13>, out2<14>, out2<15>, out2<1>, out2<2>, out2<3>, out2<4>, out2<5>, out2<6>, out2<7>, out2<8>, out2<9>.
WARNING:Xst:2040 - Unit ALU_outer: 32 multi-source signals are replaced by logic (pull-up yes): a<0>, a<10>, a<11>, a<12>, a<13>, a<14>, a<15>, a<1>, a<2>, a<3>, a<4>, a<5>, a<6>, a<7>, a<8>, a<9>, b<0>, b<10>, b<11>, b<12>, b<13>, b<14>, b<15>, b<1>, b<2>, b<3>, b<4>, b<5>, b<6>, b<7>, b<8>, b<9>.

Optimizing unit <Register16> ...

Optimizing unit <Reg16Loadless> ...

Optimizing unit <Datapath> ...

Optimizing unit <ALU_outer> ...

Optimizing unit <RippleCarryAdder> ...
WARNING:Xst:1710 - FF/Latch <rb/r_1/value_15> (without init value) has a constant value of 0 in block <Datapath>. This FF/Latch will be trimmed during the optimization process.
WARNING:Xst:1895 - Due to other FF/Latch trimming, FF/Latch <rb/r_1/value_14> (without init value) has a constant value of 0 in block <Datapath>. This FF/Latch will be trimmed during the optimization process.
WARNING:Xst:1895 - Due to other FF/Latch trimming, FF/Latch <rb/r_1/value_13> (without init value) has a constant value of 0 in block <Datapath>. This FF/Latch will be trimmed during the optimization process.
WARNING:Xst:1895 - Due to other FF/Latch trimming, FF/Latch <rb/r_1/value_12> (without init value) has a constant value of 0 in block <Datapath>. This FF/Latch will be trimmed during the optimization process.
WARNING:Xst:1895 - Due to other FF/Latch trimming, FF/Latch <rb/r_1/value_11> (without init value) has a constant value of 0 in block <Datapath>. This FF/Latch will be trimmed during the optimization process.
WARNING:Xst:1895 - Due to other FF/Latch trimming, FF/Latch <rb/r_1/value_10> (without init value) has a constant value of 0 in block <Datapath>. This FF/Latch will be trimmed during the optimization process.
WARNING:Xst:1895 - Due to other FF/Latch trimming, FF/Latch <rb/r_1/value_9> (without init value) has a constant value of 0 in block <Datapath>. This FF/Latch will be trimmed during the optimization process.
WARNING:Xst:1895 - Due to other FF/Latch trimming, FF/Latch <rb/r_1/value_8> (without init value) has a constant value of 0 in block <Datapath>. This FF/Latch will be trimmed during the optimization process.
WARNING:Xst:1895 - Due to other FF/Latch trimming, FF/Latch <rb/r_1/value_7> (without init value) has a constant value of 0 in block <Datapath>. This FF/Latch will be trimmed during the optimization process.
WARNING:Xst:1895 - Due to other FF/Latch trimming, FF/Latch <rb/r_1/value_6> (without init value) has a constant value of 0 in block <Datapath>. This FF/Latch will be trimmed during the optimization process.
WARNING:Xst:1895 - Due to other FF/Latch trimming, FF/Latch <rb/r_1/value_5> (without init value) has a constant value of 0 in block <Datapath>. This FF/Latch will be trimmed during the optimization process.
WARNING:Xst:1895 - Due to other FF/Latch trimming, FF/Latch <rb/r_1/value_4> (without init value) has a constant value of 0 in block <Datapath>. This FF/Latch will be trimmed during the optimization process.
WARNING:Xst:1895 - Due to other FF/Latch trimming, FF/Latch <rb/r_1/value_3> (without init value) has a constant value of 0 in block <Datapath>. This FF/Latch will be trimmed during the optimization process.
WARNING:Xst:1895 - Due to other FF/Latch trimming, FF/Latch <rb/r_1/value_2> (without init value) has a constant value of 0 in block <Datapath>. This FF/Latch will be trimmed during the optimization process.
WARNING:Xst:1895 - Due to other FF/Latch trimming, FF/Latch <rb/r_1/value_1> (without init value) has a constant value of 0 in block <Datapath>. This FF/Latch will be trimmed during the optimization process.
WARNING:Xst:1895 - Due to other FF/Latch trimming, FF/Latch <rb/r_1/value_0> (without init value) has a constant value of 0 in block <Datapath>. This FF/Latch will be trimmed during the optimization process.
INFO:Xst:2261 - The FF/Latch <alu/SFF/value> in Unit <Datapath> is equivalent to the following FF/Latch, which will be removed : <alu/result_15> 

Mapping all equations...
Building and optimizing final netlist ...
Found area constraint ratio of 100 (+ 5) on block Datapath, actual ratio is 0.

Final Macro Processing ...

=========================================================================
Final Register Report

Macro Statistics
# Registers                                            : 67
 Flip-Flops                                            : 67

=========================================================================

=========================================================================
*                           Partition Report                            *
=========================================================================

Partition Implementation Status
-------------------------------

  No Partitions were found in this design.

-------------------------------

=========================================================================
*                            Design Summary                             *
=========================================================================

Top Level Output File Name         : Datapath.ngc

Primitive and Black Box Usage:
------------------------------
# BELS                             : 210
#      INV                         : 1
#      LUT2                        : 2
#      LUT3                        : 28
#      LUT4                        : 41
#      LUT5                        : 53
#      LUT6                        : 79
#      MUXF7                       : 5
#      VCC                         : 1
# FlipFlops/Latches                : 67
#      FD                          : 15
#      FDE                         : 4
#      FDE_1                       : 32
#      FDR_1                       : 16
# Clock Buffers                    : 1
#      BUFGP                       : 1
# IO Buffers                       : 116
#      IBUF                        : 48
#      OBUF                        : 68

Device utilization summary:
---------------------------

Selected Device : xa7a100tcsg324-2i 


Slice Logic Utilization: 
 Number of Slice Registers:              67  out of  126800     0%  
 Number of Slice LUTs:                  204  out of  63400     0%  
    Number used as Logic:               204  out of  63400     0%  

Slice Logic Distribution: 
 Number of LUT Flip Flop pairs used:    205
   Number with an unused Flip Flop:     138  out of    205    67%  
   Number with an unused LUT:             1  out of    205     0%  
   Number of fully used LUT-FF pairs:    66  out of    205    32%  
   Number of unique control sets:         5

IO Utilization: 
 Number of IOs:                         117
 Number of bonded IOBs:                 117  out of    210    55%  

Specific Feature Utilization:
 Number of BUFG/BUFGCTRLs:                1  out of     32     3%  

---------------------------
Partition Resource Summary:
---------------------------

  No Partitions were found in this design.

---------------------------


=========================================================================
Timing Report

NOTE: THESE TIMING NUMBERS ARE ONLY A SYNTHESIS ESTIMATE.
      FOR ACCURATE TIMING INFORMATION PLEASE REFER TO THE TRACE REPORT
      GENERATED AFTER PLACE-and-ROUTE.

Clock Information:
------------------
-----------------------------------+------------------------+-------+
Clock Signal                       | Clock buffer(FF name)  | Load  |
-----------------------------------+------------------------+-------+
clk                                | BUFGP                  | 67    |
-----------------------------------+------------------------+-------+

Asynchronous Control Signals Information:
----------------------------------------
No asynchronous control signals found in this design

Timing Summary:
---------------
Speed Grade: -2

   Minimum period: 8.000ns (Maximum Frequency: 124.998MHz)
   Minimum input arrival time before clock: 4.836ns
   Maximum output required time after clock: 1.449ns
   Maximum combinational path delay: 1.245ns

Timing Details:
---------------
All values displayed in nanoseconds (ns)

=========================================================================
Timing constraint: Default period analysis for Clock 'clk'
  Clock period: 8.000ns (frequency: 124.998MHz)
  Total number of paths / destination ports: 1528 / 67
-------------------------------------------------------------------------
Delay:               4.000ns (Levels of Logic = 6)
  Source:            rb/r_0/value_1 (FF)
  Destination:       alu/ZFF/value (FF)
  Source Clock:      clk falling
  Destination Clock: clk rising

  Data Path: rb/r_0/value_1 to alu/ZFF/value
                                Gate     Net
    Cell:in->out      fanout   Delay   Delay  Logical Name (Net Name)
    ----------------------------------------  ------------
     FDE_1:C->Q            4   0.364   0.372  rb/r_0/value_1 (rb/r_0/value_1)
     LUT5:I4->O            2   0.097   0.621  alu/b<1>LogicTrst1 (alu/b<1>)
     LUT5:I1->O            5   0.097   0.378  alu/rca/a2/out1 (alu/rca/c<1>)
     LUT5:I4->O            2   0.097   0.576  alu/rca/a4/XOR_0000051_xo<0>1 (alu/sum<3>)
     LUT6:I3->O            1   0.097   0.743  alu/notsumzero1 (alu/notsumzero1)
     LUT6:I1->O            1   0.097   0.355  alu/notsumzero2 (alu/notsumzero2)
     LUT6:I5->O            1   0.097   0.000  alu/notsumzero3 (alu/notsumzero)
     FDE:D                     0.008          alu/ZFF/value
    ----------------------------------------
    Total                      4.000ns (0.954ns logic, 3.046ns route)
                                       (23.8% logic, 76.2% route)

=========================================================================
Timing constraint: Default OFFSET IN BEFORE for Clock 'clk'
  Total number of paths / destination ports: 8299 / 99
-------------------------------------------------------------------------
Offset:              4.836ns (Levels of Logic = 9)
  Source:            MDB_IR<1> (PAD)
  Destination:       PC_Register/value_15 (FF)
  Destination Clock: clk falling

  Data Path: MDB_IR<1> to PC_Register/value_15
                                Gate     Net
    Cell:in->out      fanout   Delay   Delay  Logical Name (Net Name)
    ----------------------------------------  ------------
     IBUF:I->O             6   0.001   0.599  MDB_IR_1_IBUF (MDB_IR_1_IBUF)
     LUT4:I1->O            2   0.097   0.444  one/a2/out1 (one/c<1>)
     LUT5:I3->O            3   0.097   0.451  one/a4/out1 (one/c<3>)
     LUT5:I3->O            3   0.097   0.451  one/a6/out1 (one/c<5>)
     LUT5:I3->O            5   0.097   0.462  one/a8/out1 (one/c<7>)
     LUT4:I2->O            3   0.097   0.583  one/a10/out1 (one/c<9>)
     LUT6:I3->O            2   0.097   0.621  one/a14/out1 (one/c<13>)
     LUT4:I0->O            1   0.097   0.439  MUXPC/fifteen/out4_SW0 (N4)
     LUT6:I4->O            1   0.097   0.000  MUXPC/fifteen/out4 (PC_in<15>)
     FDR_1:D                   0.008          PC_Register/value_15
    ----------------------------------------
    Total                      4.836ns (0.785ns logic, 4.051ns route)
                                       (16.2% logic, 83.8% route)

=========================================================================
Timing constraint: Default OFFSET OUT AFTER for Clock 'clk'
  Total number of paths / destination ports: 52 / 52
-------------------------------------------------------------------------
Offset:              1.449ns (Levels of Logic = 2)
  Source:            rb/r_0/value_15 (FF)
  Destination:       Data_dm<15> (PAD)
  Source Clock:      clk falling

  Data Path: rb/r_0/value_15 to Data_dm<15>
                                Gate     Net
    Cell:in->out      fanout   Delay   Delay  Logical Name (Net Name)
    ----------------------------------------  ------------
     FDE_1:C->Q            6   0.364   0.644  rb/r_0/value_15 (rb/r_0/value_15)
     LUT4:I0->O            2   0.097   0.344  Data_dm<15>_MLTSRCEDGELogicTrst1 (Data_dm_15_OBUF)
     OBUF:I->O                 0.000          Data_dm_15_OBUF (Data_dm<15>)
    ----------------------------------------
    Total                      1.449ns (0.461ns logic, 0.988ns route)
                                       (31.8% logic, 68.2% route)

=========================================================================
Timing constraint: Default path analysis
  Total number of paths / destination ports: 64 / 32
-------------------------------------------------------------------------
Delay:               1.245ns (Levels of Logic = 3)
  Source:            rChooseOne<1> (PAD)
  Destination:       Data_dm<6> (PAD)

  Data Path: rChooseOne<1> to Data_dm<6>
                                Gate     Net
    Cell:in->out      fanout   Delay   Delay  Logical Name (Net Name)
    ----------------------------------------  ------------
     IBUF:I->O            37   0.001   0.747  rChooseOne_1_IBUF (rChooseOne_1_IBUF)
     LUT4:I0->O           12   0.097   0.400  Data_dm<6>_MLTSRCEDGELogicTrst1 (Data_dm_6_OBUF)
     OBUF:I->O                 0.000          Data_dm_6_OBUF (Data_dm<6>)
    ----------------------------------------
    Total                      1.245ns (0.098ns logic, 1.147ns route)
                                       (7.9% logic, 92.1% route)

=========================================================================

Cross Clock Domains Report:
--------------------------

Clock to Setup on destination clock clk
---------------+---------+---------+---------+---------+
               | Src:Rise| Src:Fall| Src:Rise| Src:Fall|
Source Clock   |Dest:Rise|Dest:Rise|Dest:Fall|Dest:Fall|
---------------+---------+---------+---------+---------+
clk            |         |    4.000|    5.277|         |
---------------+---------+---------+---------+---------+

=========================================================================


Total REAL time to Xst completion: 71.00 secs
Total CPU time to Xst completion: 71.98 secs
 
--> 

Total memory usage is 795368 kilobytes

Number of errors   :    0 (   0 filtered)
Number of warnings :  146 (   0 filtered)
Number of infos    :    3 (   0 filtered)

